

***** Start Trial #0 *****



***** Start Trial #0 *****



***** Start Trial #0 *****



***** Start Trial #0 *****



***** Start Trial #0 *****



***** Start Trial #0 *****

Environment #0 Trial #0: FAIL

-----
SUCCESS: 0
ADDITIONAL SUCCESS: 0
FAIL: 1
TOTAL: 1
ACCURACY: 0.0
-----


***** End Trial #0 *****



***** Start Trial #0 *****

Environment #0 Trial #0: FAIL

-----
SUCCESS: 0
ADDITIONAL SUCCESS: 0
FAIL: 1
TOTAL: 1
ACCURACY: 0.0
-----


***** End Trial #0 *****



***** Start Trial #0 *****

Environment #0 Trial #0: SUCCESS

-----
SUCCESS: 1
ADDITIONAL SUCCESS: 1
FAIL: 0
TOTAL: 1
ACCURACY: 1.0
-----


***** End Trial #0 *****



***** Start Trial #0 *****

Environment #0 Trial #0: FAIL

-----
SUCCESS: 0
ADDITIONAL SUCCESS: 0
FAIL: 1
TOTAL: 1
ACCURACY: 0.0
-----


***** End Trial #0 *****



***** Start Trial #0 *****

Environment #0 Trial #0: FAIL

-----
SUCCESS: 0
ADDITIONAL SUCCESS: 0
FAIL: 1
TOTAL: 1
ACCURACY: 0.0
-----


***** End Trial #0 *****



***** Start Trial #0 *****

Environment #0 Trial #0: SUCCESS

-----
SUCCESS: 1
ADDITIONAL SUCCESS: 1
FAIL: 0
TOTAL: 1
ACCURACY: 1.0
-----


***** End Trial #0 *****



***** Start Trial #0 *****

Environment #0 Trial #0: FAIL

-----
SUCCESS: 0
ADDITIONAL SUCCESS: 0
FAIL: 1
TOTAL: 1
ACCURACY: 0.0
-----


***** End Trial #0 *****



***** Start Trial #0 *****

Environment #0 Trial #0: SUCCESS

-----
SUCCESS: 1
ADDITIONAL SUCCESS: 1
FAIL: 0
TOTAL: 1
ACCURACY: 1.0
-----


***** End Trial #0 *****



***** Start Trial #0 *****

Environment #0 Trial #0: SUCCESS

-----
SUCCESS: 1
ADDITIONAL SUCCESS: 1
FAIL: 0
TOTAL: 1
ACCURACY: 1.0
-----


***** End Trial #0 *****



***** Start Trial #0 *****



***** Start Trial #0 *****



***** Start Trial #0 *****



***** Start Trial #0 *****



***** Start Trial #0 *****



***** Start Trial #0 *****



***** Start Trial #0 *****

Environment #0 Trial #0: FAIL

-----
SUCCESS: 0
ADDITIONAL SUCCESS: 0
FAIL: 1
TOTAL: 1
ACCURACY: 0.0
-----


***** End Trial #0 *****



***** Start Trial #0 *****



***** Start Trial #0 *****



***** Start Trial #0 *****



***** Start Trial #0 *****



***** Start Trial #0 *****



***** Start Trial #0 *****



***** Start Trial #0 *****



***** Start Trial #0 *****

